(gdb) b main
Breakpoint 1 at 0x744: file p3original.c, line 9.
(gdb) r
Starting program: /home/runner/pps-test1-Bodduharshitha-4/a.out 
warning: Error disabling address space randomization: Operation not permitted

Breakpoint 1, main () at p3original.c:9
9   {
(gdb) n
11      printf("Enter the two number: ");
(gdb) n
12      scanf("%d %d", &num1, &num2);
(gdb) n
Enter the two number: 3 4
13      result = add(&num1, &num2);
(gdb) n
14      printf("Addition of %d and %d is %d", num1, num2, result);
(gdb) n
15      return 0;
(gdb) c
Continuing.
Addition of 3 and 4 is 7[Inferior 1 (process 459) exited normally]
(gdb)
